============================= test session starts =============================
platform win32 -- Python 3.13.8, pytest-9.0.2, pluggy-1.6.0 -- C:\Users\pablo\AppData\Local\Programs\Python\Python313\python.exe
cachedir: .pytest_cache
rootdir: C:\Users\pablo\Documents\Vitalinuage
configfile: pytest.ini
plugins: anyio-4.12.0, xdist-3.8.0
created: 16/16 workers
16 workers [0 items]

scheduling tests via LoadFileScheduling

=================================== ERRORS ====================================
_______ ERROR collecting backend/tests/test_patient_search_flexible.py ________
ImportError while importing test module 'C:\Users\pablo\Documents\Vitalinuage\backend\tests\test_patient_search_flexible.py'.
Hint: make sure your test modules/packages have valid Python names.
Traceback:
..\..\AppData\Local\Programs\Python\Python313\Lib\importlib\__init__.py:88: in import_module
    return _bootstrap._gcd_import(name[level:], package, level)
           ^^^^^^^^^^^^^^^^^^^^^^^^^^^^^^^^^^^^^^^^^^^^^^^^^^^^
backend\tests\test_patient_search_flexible.py:12: in <module>
    from backend.main import app
backend\main.py:10: in <module>
    from backend.api import user, patients, consultations, audit, doctor, medical_background, maps
backend\api\user.py:6: in <module>
    from backend.dependencies import get_current_user
backend\dependencies.py:6: in <module>
    import firebase_admin
E   ModuleNotFoundError: No module named 'firebase_admin'
============================== warnings summary ===============================
backend\auth.py:18: 16 warnings
  C:\Users\pablo\Documents\Vitalinuage\backend\auth.py:18: DeprecationWarning: 
          on_event is deprecated, use lifespan event handlers instead.
  
          Read more about it in the
          [FastAPI docs for Lifespan Events](https://fastapi.tiangolo.com/advanced/events/).
          
    @router.on_event("startup")

-- Docs: https://docs.pytest.org/en/stable/how-to/capture-warnings.html
=========================== short test summary info ===========================
ERROR backend/tests/test_patient_search_flexible.py - ImportError while impor...
======================== 16 warnings, 1 error in 4.99s ========================
